From bostic@okeeffe.berkeley.edu  Thu Nov 20 11:44:41 1986
Date: Thu, 20 Nov 86 11:42:55 PST
From: bostic@okeeffe.berkeley.edu (Keith Bostic)
Subject: Compiler error
Index: 	lib 4.3BSD

Description:
	If a routine foo() is called, subsequent syntax errors of the
	form "foo;" will be ignored.
Repeat-By:

Script started on Thu Nov 20 11:40:56 1986
$ cat t.c
main()
{
	f1();
	f1;
}

f1()
{
	printf("hello, world!\n");
}
$ cc t.c
$ a.out
hello, world!
$ cat t1.c
main()
{
/*	f1(); */
	f1;
}

f1()
{
	printf("hello, world!\n");
}
$ cc t1.c
"t1.c", line 4: f1 undefined
$ ^D
script done on Thu Nov 20 11:41:17 1986
